// Jest Snapshot v1, https://goo.gl/fbAQLP

exports[`Pruebas en el grid item Mostrar el componente correctamente 1`] = `
<div
  className="card animate__animated animate__fadeIn animate__delay-3s"
>
  <img
    alt="Hola mundo"
    src="https://holamundo.com"
  />
  <p>
    Hola mundo
  </p>
</div>
`;
